// Jest Snapshot v1, https://goo.gl/fbAQLP

exports[`Card can render 1`] = `
<div>
  <div
    class="Card"
  >
    <p>
      Here goes the card!
    </p>
  </div>
</div>
`;
